// Jest Snapshot v1, https://goo.gl/fbAQLP

exports[`Render products list 1`] = `
<div>
  List:
  <ul>
    <li>
      1
       - 
      test product 1
       :
      <a
        href="#"
        onClick={[Function]}
      >
        X
      </a>
    </li>
    <li>
      2
       - 
      test product 2
       :
      <a
        href="#"
        onClick={[Function]}
      >
        X
      </a>
    </li>
  </ul>
</div>
`;
